#
# A fatal error has been detected by the Java Runtime Environment:
#
#  Internal Error (os_windows_x86.cpp:114), pid=6240, tid=5824
#  Error: guarantee(result == -1,"Unexpected result from topLevelExceptionFilter")
#
# JRE version: 6.0_17-b04
# Java VM: Java HotSpot(TM) 64-Bit Server VM (14.3-b01 mixed mode windows-amd64 )
# If you would like to submit a bug report, please visit:
#   http://java.sun.com/webapps/bugreport/crash.jsp
# The crash happened outside the Java Virtual Machine in native code.
# See problematic frame for where to report the bug.
#

---------------  T H R E A D  ---------------

Current thread (0x00000000020b2800):  JavaThread "main" [_thread_in_native, id=5824, stack(0x0000000000210000,0x0000000001710000)]

Stack: [0x0000000000210000,0x0000000001710000]
[error occurred during error reporting (printing stack bounds), id 0xc0000005]

Java frames: (J=compiled Java code, j=interpreted, Vv=VM code)
j  com.mathworks.jmi.NativeMatlab.ProcessPendingEvents()Z+0
j  com.mathworks.jmi.NativeMatlab.processPendingEvents()Z+8
j  com.mathworks.jmi.Matlab$ProcessPendingEvents.callBooleanMethod(Ljava/lang/Object;)Z+0
j  com.mathworks.util.FactoryUtils.processPendingEvents()Z+12
j  com.mathworks.mde.desk.MLDesktop.canClose()Z+84
j  com.mathworks.mde.desk.MLDesktop$2.call()Ljava/lang/Boolean;+4
j  com.mathworks.mde.desk.MLDesktop$2.call()Ljava/lang/Object;+1
j  com.mathworks.jmi.Matlab.isOkToExit()Z+54
v  ~StubRoutines::call_stub
j  com.mathworks.jmi.NativeMatlab.SendMatlabMessage(Ljava/lang/Object;)Ljava/lang/Object;+0
j  com.mathworks.jmi.NativeMatlab.sendMatlabMessage(Ljava/lang/Object;)Ljava/lang/Object;+22
j  com.mathworks.jmi.MatlabLooper.sendMatlabMessage(Lcom/mathworks/services/message/MWMessage;)Ljava/lang/Object;+20
j  com.mathworks.jmi.Matlab.mtFevalConsoleOutput(Ljava/lang/String;[Ljava/lang/Object;I)Ljava/lang/Object;+58
j  com.mathworks.mde.desk.MLDesktop$8.run()V+14
j  com.mathworks.jmi.NativeMatlab.dispatchMTRequests(Z)V+50
v  ~StubRoutines::call_stub

---------------  P R O C E S S  ---------------

Java Threads: ( => current thread )
  0x0000000033a9a000 JavaThread "Image Fetcher 0" daemon [_thread_blocked, id=5112, stack(0x000000000dc60000,0x000000000dce0000)]
  0x0000000033aa3800 JavaThread "pool-2-thread-1" [_thread_blocked, id=4412, stack(0x000000000e8a0000,0x000000000e920000)]
  0x0000000033a9b800 JavaThread "Active Reference Queue Daemon" daemon [_thread_blocked, id=3168, stack(0x00000000051e0000,0x0000000005260000)]
  0x0000000033a99000 JavaThread "Timer-18" daemon [_thread_blocked, id=3164, stack(0x000000000dae0000,0x000000000db60000)]
  0x0000000033a9d000 JavaThread "RequestQueue for GenericFileList" [_thread_blocked, id=6588, stack(0x000000000db70000,0x000000000dbf0000)]
  0x0000000033a9c000 JavaThread "Timer-5" daemon [_thread_blocked, id=5648, stack(0x00000000054b0000,0x0000000005530000)]
  0x0000000033a98800 JavaThread "Prefs Updater" daemon [_thread_blocked, id=2400, stack(0x0000000057fb0000,0x0000000058030000)]
  0x0000000033a97800 JavaThread "Timer-1" [_thread_blocked, id=4352, stack(0x000000003e0c0000,0x000000003e140000)]
  0x0000000033a97000 JavaThread "FelixPackageAdmin" daemon [_thread_blocked, id=6868, stack(0x00000000369b0000,0x0000000036a30000)]
  0x00000000339cd000 JavaThread "FelixStartLevel" daemon [_thread_blocked, id=6104, stack(0x00000000368d0000,0x0000000036950000)]
  0x0000000034dba000 JavaThread "FelixDispatchQueue" daemon [_thread_blocked, id=6912, stack(0x0000000036790000,0x0000000036810000)]
  0x0000000033185000 JavaThread "TimerQueue" daemon [_thread_blocked, id=6800, stack(0x0000000031b70000,0x0000000031bf0000)]
  0x000000000fc03000 JavaThread "AWT-EventQueue-0" [_thread_blocked, id=3796, stack(0x0000000033df0000,0x0000000033e70000)]
  0x000000003310f000 JavaThread "AWT-Shutdown" [_thread_blocked, id=5032, stack(0x0000000028350000,0x00000000283d0000)]
  0x000000003398f000 JavaThread "com.google.common.base.internal.Finalizer" daemon [_thread_blocked, id=2452, stack(0x000000002d9f0000,0x000000002da70000)]
  0x0000000033968000 JavaThread "AWT-Windows" daemon [_thread_in_native, id=6176, stack(0x0000000031a90000,0x0000000031b10000)]
  0x0000000033959000 JavaThread "Java2D Disposer" daemon [_thread_blocked, id=5424, stack(0x00000000283e0000,0x0000000028460000)]
  0x00000000332c5000 JavaThread "Timer-0" [_thread_blocked, id=4120, stack(0x000000000fa10000,0x000000000fa90000)]
  0x000000000fc9f800 JavaThread "JMI Unnamed Thread" [_thread_in_native, id=6856, stack(0x0000000006d90000,0x0000000008290000)]
  0x000000000fbd9000 JavaThread "Low Memory Detector" daemon [_thread_blocked, id=5108, stack(0x000000000fe10000,0x000000000fe90000)]
  0x000000000fbd7800 JavaThread "CompilerThread1" daemon [_thread_blocked, id=1776, stack(0x0000000030570000,0x0000000031a70000)]
  0x000000000fbcb000 JavaThread "CompilerThread0" daemon [_thread_blocked, id=6804, stack(0x000000002f030000,0x0000000030530000)]
  0x000000000fbca000 JavaThread "Attach Listener" daemon [_thread_blocked, id=5876, stack(0x000000000c4c0000,0x000000000c540000)]
  0x000000000fbaf800 JavaThread "Finalizer" daemon [_thread_blocked, id=2376, stack(0x000000000fd50000,0x000000000fdd0000)]
  0x000000000fbae800 JavaThread "Reference Handler" daemon [_thread_blocked, id=6816, stack(0x0000000009a00000,0x0000000009a80000)]
=>0x00000000020b2800 JavaThread "main" [_thread_in_native, id=5824, stack(0x0000000000210000,0x0000000001710000)]

Other Threads:
  0x000000000fbab800 VMThread [stack: 0x000000002dac0000,0x000000002efc0000] [id=2556]
  0x000000000fc5f000 WatcherThread [stack: 0x0000000031bf0000,0x00000000330f0000] [id=6436]

VM state:not at safepoint (normal execution)

VM Mutex/Monitor currently owned by a thread: None

Heap
 PSYoungGen      total 13120K, used 11146K [0x0000000025250000, 0x0000000026290000, 0x0000000028350000)
  eden space 9856K, 84% used [0x0000000025250000,0x0000000025a683e8,0x0000000025bf0000)
  from space 3264K, 87% used [0x0000000025c10000,0x0000000025eda6b0,0x0000000025f40000)
  to   space 3392K, 0% used [0x0000000025f40000,0x0000000025f40000,0x0000000026290000)
 PSOldGen        total 63104K, used 51434K [0x000000001bf50000, 0x000000001fcf0000, 0x0000000025250000)
  object space 63104K, 81% used [0x000000001bf50000,0x000000001f18ab80,0x000000001fcf0000)
 PSPermGen       total 85184K, used 60453K [0x0000000013f50000, 0x0000000019280000, 0x000000001bf50000)
  object space 85184K, 70% used [0x0000000013f50000,0x0000000017a59400,0x0000000019280000)

Dynamic libraries:
0x000000013f130000 - 0x000000013f159000 	C:\Program Files\MATLAB\R2011a\bin\win64\matlab.exe
0x00000000775b0000 - 0x0000000077759000 	C:\Windows\SYSTEM32\ntdll.dll
0x0000000077390000 - 0x00000000774af000 	C:\Windows\system32\kernel32.dll
0x000007fefd540000 - 0x000007fefd5ab000 	C:\Windows\system32\KERNELBASE.dll
0x0000000074460000 - 0x0000000074569000 	C:\Program Files\MATLAB\R2011a\bin\win64\libut.dll
0x00000000758a0000 - 0x0000000075920000 	C:\Program Files\MATLAB\R2011a\bin\win64\libmwi18n.dll
0x0000000180000000 - 0x000000018000b000 	C:\Program Files\MATLAB\R2011a\bin\win64\libmwresource_core.dll
0x0000000073d90000 - 0x0000000073e63000 	C:\Windows\WinSxS\amd64_microsoft.vc90.crt_1fc8b3b9a1e18e3b_9.0.30729.6161_none_08e61857a83bc251\MSVCP90.dll
0x0000000071d10000 - 0x0000000071db3000 	C:\Windows\WinSxS\amd64_microsoft.vc90.crt_1fc8b3b9a1e18e3b_9.0.30729.6161_none_08e61857a83bc251\MSVCR90.dll
0x000000007a3b0000 - 0x000000007a3c0000 	C:\Program Files\MATLAB\R2011a\bin\win64\boost_date_time-vc90-mt-1_40.dll
0x000000007a170000 - 0x000000007a189000 	C:\Program Files\MATLAB\R2011a\bin\win64\boost_filesystem-vc90-mt-1_40.dll
0x000000007a560000 - 0x000000007a569000 	C:\Program Files\MATLAB\R2011a\bin\win64\boost_system-vc90-mt-1_40.dll
0x000000007a2d0000 - 0x000000007a2e2000 	C:\Program Files\MATLAB\R2011a\bin\win64\boost_thread-vc90-mt-1_40.dll
0x000000007a010000 - 0x000000007a035000 	C:\Program Files\MATLAB\R2011a\bin\win64\LIBEXPAT.dll
0x00000000739d0000 - 0x0000000073b8c000 	C:\Program Files\MATLAB\R2011a\bin\win64\icuin42.dll
0x00000000740b0000 - 0x0000000074223000 	C:\Program Files\MATLAB\R2011a\bin\win64\icuuc42.dll
0x000007fefe340000 - 0x000007fefe41b000 	C:\Windows\system32\ADVAPI32.dll
0x000007fefdb80000 - 0x000007fefdc1f000 	C:\Windows\system32\msvcrt.dll
0x000007fefde30000 - 0x000007fefde4f000 	C:\Windows\SYSTEM32\sechost.dll
0x000007fefdef0000 - 0x000007fefe01d000 	C:\Windows\system32\RPCRT4.dll
0x0000000010000000 - 0x0000000010f47000 	C:\Program Files\MATLAB\R2011a\bin\win64\icudt42.dll
0x0000000073f70000 - 0x000000007407d000 	C:\Program Files\MATLAB\R2011a\bin\win64\libmwfl.dll
0x0000000000170000 - 0x0000000000203000 	C:\Program Files\MATLAB\R2011a\bin\win64\libmwMATLAB_res.dll
0x000000007a250000 - 0x000000007a263000 	C:\Program Files\MATLAB\R2011a\bin\win64\boost_signals-vc90-mt-1_40.dll
0x0000000001730000 - 0x0000000001776000 	C:\Program Files\MATLAB\R2011a\bin\win64\tbb.dll
0x000007fefe420000 - 0x000007fefe439000 	C:\Windows\system32\imagehlp.dll
0x0000000077770000 - 0x0000000077777000 	C:\Windows\system32\PSAPI.DLL
0x000000007a3d0000 - 0x000000007a3e3000 	C:\Program Files\MATLAB\R2011a\bin\win64\icuio42.dll
0x000007fef2020000 - 0x000007fef2145000 	C:\Windows\system32\dbghelp.dll
0x00000000774b0000 - 0x00000000775aa000 	C:\Windows\system32\USER32.dll
0x000007fefe070000 - 0x000007fefe0d7000 	C:\Windows\system32\GDI32.dll
0x000007fefd7c0000 - 0x000007fefd7ce000 	C:\Windows\system32\LPK.dll
0x000007feff770000 - 0x000007feff839000 	C:\Windows\system32\USP10.dll
0x000000007bed0000 - 0x000000007c0f5000 	C:\Program Files\MATLAB\R2011a\bin\win64\libmwservices.dll
0x0000000075a20000 - 0x0000000075ab2000 	C:\Program Files\MATLAB\R2011a\bin\win64\libmx.dll
0x000000007a210000 - 0x000000007a226000 	C:\Program Files\MATLAB\R2011a\bin\win64\zlib1.dll
0x0000000074330000 - 0x000000007444b000 	C:\Program Files\MATLAB\R2011a\bin\win64\libmwmathutil.dll
0x0000000073ef0000 - 0x0000000073f44000 	C:\Program Files\MATLAB\R2011a\bin\win64\mpath.dll
0x000000007b680000 - 0x000000007b982000 	C:\Program Files\MATLAB\R2011a\bin\win64\mlutil.dll
0x0000000073d00000 - 0x0000000073d82000 	C:\Program Files\MATLAB\R2011a\bin\win64\xmlcore.dll
0x000000007bc30000 - 0x000000007be83000 	C:\Program Files\MATLAB\R2011a\bin\win64\xerces-c_2_7.dll
0x000007fefe020000 - 0x000007fefe06d000 	C:\Windows\system32\WS2_32.dll
0x000007fefda60000 - 0x000007fefda68000 	C:\Windows\system32\NSI.dll
0x000007fefe880000 - 0x000007feff608000 	C:\Windows\system32\SHELL32.dll
0x000007feff840000 - 0x000007feff8b1000 	C:\Windows\system32\SHLWAPI.dll
0x000007fef9d00000 - 0x000007fef9da0000 	C:\Windows\WinSxS\amd64_microsoft.windows.common-controls_6595b64144ccf1df_5.82.7601.18201_none_a4d3b9377117c3df\COMCTL32.dll
0x000007fefe140000 - 0x000007fefe1d7000 	C:\Windows\system32\COMDLG32.dll
0x000007fefc360000 - 0x000007fefc376000 	C:\Windows\system32\NETAPI32.dll
0x000007fefc830000 - 0x000007fefc83c000 	C:\Windows\system32\netutils.dll
0x000007fefd110000 - 0x000007fefd133000 	C:\Windows\system32\srvcli.dll
0x000007fefc340000 - 0x000007fefc355000 	C:\Windows\system32\wkscli.dll
0x000007fefe440000 - 0x000007fefe643000 	C:\Windows\system32\ole32.dll
0x000007fefe260000 - 0x000007fefe337000 	C:\Windows\system32\OLEAUT32.dll
0x0000000074970000 - 0x0000000074a34000 	C:\Program Files\MATLAB\R2011a\bin\win64\mcr.dll
0x0000000075000000 - 0x00000000750e4000 	C:\Program Files\MATLAB\R2011a\bin\win64\iqm.dll
0x00000000640c0000 - 0x000000006485c000 	C:\Program Files\MATLAB\R2011a\bin\win64\m_interpreter.dll
0x0000000073ee0000 - 0x0000000073eef000 	C:\Program Files\MATLAB\R2011a\bin\win64\libmex.dll
0x0000000072bc0000 - 0x0000000072c64000 	C:\Program Files\MATLAB\R2011a\bin\win64\m_dispatcher.dll
0x0000000074880000 - 0x0000000074945000 	C:\Program Files\MATLAB\R2011a\bin\win64\boost_regex-vc90-mt-1_40.dll
0x0000000072b40000 - 0x0000000072bbf000 	C:\Program Files\MATLAB\R2011a\bin\win64\profiler.dll
0x0000000079f40000 - 0x0000000079f6c000 	C:\Program Files\MATLAB\R2011a\bin\win64\libmwmathrng.dll
0x0000000073ec0000 - 0x0000000073ee0000 	C:\Program Files\MATLAB\R2011a\bin\win64\m_pcodeio.dll
0x0000000079b10000 - 0x0000000079b71000 	C:\Program Files\MATLAB\R2011a\bin\win64\m_ir.dll
0x00000000657a0000 - 0x0000000065ddb000 	C:\Program Files\MATLAB\R2011a\bin\win64\m_parser.dll
0x0000000073ea0000 - 0x0000000073eb9000 	C:\Program Files\MATLAB\R2011a\bin\win64\ir_xfmr.dll
0x0000000065550000 - 0x000000006579b000 	C:\Program Files\MATLAB\R2011a\bin\win64\mcos.dll
0x0000000073e90000 - 0x0000000073e9c000 	C:\Program Files\MATLAB\R2011a\bin\win64\mtok.dll
0x0000000073cd0000 - 0x0000000073cfb000 	C:\Program Files\MATLAB\R2011a\bin\win64\m_pcodegen.dll
0x0000000076160000 - 0x00000000761c2000 	C:\Program Files\MATLAB\R2011a\bin\win64\libmwspmatrix.dll
0x0000000079fb0000 - 0x0000000079fde000 	C:\Program Files\MATLAB\R2011a\bin\win64\libmwbridge.dll
0x0000000072a80000 - 0x0000000072b39000 	C:\Program Files\MATLAB\R2011a\bin\win64\udd.dll
0x0000000068970000 - 0x0000000068ab1000 	C:\Program Files\MATLAB\R2011a\bin\win64\libmwgui.dll
0x0000000073e70000 - 0x0000000073e87000 	C:\Program Files\MATLAB\R2011a\bin\win64\graphics_util.dll
0x0000000063840000 - 0x00000000640c0000 	C:\Program Files\MATLAB\R2011a\bin\win64\hg.dll
0x0000000076100000 - 0x000000007614f000 	C:\Program Files\MATLAB\R2011a\bin\win64\libmat.dll
0x0000000072d30000 - 0x0000000072f33000 	C:\Program Files\MATLAB\R2011a\bin\win64\libhdf5.dll
0x0000000072a00000 - 0x0000000072a7b000 	C:\Program Files\MATLAB\R2011a\bin\win64\jmi.dll
0x0000000001a90000 - 0x0000000001a9e000 	C:\Program Files\MATLAB\R2011a\bin\win64\nativejava_services.dll
0x000000006b110000 - 0x000000006b14c000 	C:\Program Files\MATLAB\R2011a\bin\win64\libmwhardcopy.dll
0x000000006b0b0000 - 0x000000006b108000 	C:\Program Files\MATLAB\R2011a\bin\win64\libuij.dll
0x0000000063650000 - 0x0000000063833000 	C:\Program Files\MATLAB\R2011a\bin\win64\hgdatatypes.dll
0x0000000065490000 - 0x000000006554c000 	C:\Program Files\MATLAB\R2011a\bin\win64\hgutils.dll
0x00000000635d0000 - 0x000000006364c000 	C:\Program Files\MATLAB\R2011a\bin\win64\libmwlapack.dll
0x0000000073cb0000 - 0x0000000073cc2000 	C:\Program Files\MATLAB\R2011a\bin\win64\libmwbinder.dll
0x0000000001b10000 - 0x0000000001b1b000 	C:\Program Files\MATLAB\R2011a\bin\win64\libmwompwrapper.dll
0x0000000001b30000 - 0x0000000001df4000 	C:\Program Files\MATLAB\R2011a\bin\win64\uiw.dll
0x00000000729f0000 - 0x00000000729fa000 	C:\Program Files\MATLAB\R2011a\bin\win64\uinone.dll
0x00000000630e0000 - 0x00000000635c4000 	C:\Windows\WinSxS\amd64_microsoft.vc90.mfc_1fc8b3b9a1e18e3b_9.0.30729.6161_none_044aad0bab1eb146\mfc90.dll
0x000007fefc0d0000 - 0x000007fefc0d7000 	C:\Windows\system32\MSIMG32.dll
0x000007fefae80000 - 0x000007fefaef1000 	C:\Windows\system32\WINSPOOL.DRV
0x0000000063030000 - 0x00000000630d9000 	C:\Program Files\MATLAB\R2011a\bin\win64\udd_mi.dll
0x000000006b090000 - 0x000000006b0ab000 	C:\Program Files\MATLAB\R2011a\bin\win64\mwoles05.DLL
0x0000000062fc0000 - 0x000000006302e000 	C:\Program Files\MATLAB\R2011a\bin\win64\comcli.dll
0x0000000068c60000 - 0x0000000068c8f000 	C:\Windows\WinSxS\amd64_microsoft.vc90.atl_1fc8b3b9a1e18e3b_9.0.30729.6161_none_0a1fd3a3a768b895\ATL90.DLL
0x000000006b440000 - 0x000000006b44c000 	C:\Program Files\MATLAB\R2011a\bin\win64\mlautoregister.dll
0x0000000001e60000 - 0x0000000001e6d000 	C:\Program Files\MATLAB\R2011a\bin\win64\boost_iostreams-vc90-mt-1_40.dll
0x000007fefde00000 - 0x000007fefde2e000 	C:\Windows\system32\IMM32.DLL
0x000007fefda70000 - 0x000007fefdb79000 	C:\Windows\system32\MSCTF.dll
0x000007fefd350000 - 0x000007fefd390000 	C:\Windows\system32\nvinitx.dll
0x000000000f000000 - 0x000000000f006000 	C:\Program Files\NVIDIA Corporation\CoProcManager\_etoured.dll
0x000007fefa170000 - 0x000007fefa1c6000 	C:\Program Files\NVIDIA Corporation\CoProcManager\nvd3d9wrapx.dll
0x000007fefdc20000 - 0x000007fefddf7000 	C:\Windows\system32\SETUPAPI.dll
0x000007fefd780000 - 0x000007fefd7b6000 	C:\Windows\system32\CFGMGR32.dll
0x000007fefd5f0000 - 0x000007fefd60a000 	C:\Windows\system32\DEVOBJ.dll
0x000007fefa130000 - 0x000007fefa16d000 	C:\Program Files\NVIDIA Corporation\CoProcManager\nvdxgiwrapx.dll
0x000007fefb830000 - 0x000007fefb886000 	C:\Windows\system32\UxTheme.dll
0x000007fefb320000 - 0x000007fefb338000 	C:\Windows\system32\dwmapi.dll
0x000000006b080000 - 0x000000006b08d000 	C:\Windows\WinSxS\amd64_microsoft.vc90.mfcloc_1fc8b3b9a1e18e3b_9.0.30729.6161_none_01c9581e60cbee58\MFC90ENU.DLL
0x0000000001ef0000 - 0x0000000001f19000 	C:\Program Files\MATLAB\R2011a\bin\win64\tbbmalloc.dll
0x000007fefd390000 - 0x000007fefd39f000 	C:\Windows\system32\profapi.dll
0x000007fef9590000 - 0x000007fef95b7000 	C:\Windows\system32\iphlpapi.dll
0x000007fef9580000 - 0x000007fef958b000 	C:\Windows\system32\WINNSI.DLL
0x000007fefca40000 - 0x000007fefca9b000 	C:\Windows\system32\DNSAPI.dll
0x000007fef9380000 - 0x000007fef9398000 	C:\Windows\system32\dhcpcsvc.DLL
0x000007fef9110000 - 0x000007fef9121000 	C:\Windows\system32\dhcpcsvc6.DLL
0x000000006b070000 - 0x000000006b073000 	C:\Windows\system32\icmp.Dll
0x000007fefd280000 - 0x000007fefd28f000 	C:\Windows\system32\CRYPTBASE.dll
0x0000000078870000 - 0x0000000078ecd000 	C:\Program Files\MATLAB\R2011a\sys\java\jre\win64\jre\bin\server\jvm.dll
0x000007fefada0000 - 0x000007fefaddb000 	C:\Windows\system32\WINMM.dll
0x000000007a440000 - 0x000000007a44e000 	C:\Program Files\MATLAB\R2011a\sys\java\jre\win64\jre\bin\verify.dll
0x000000007a070000 - 0x000000007a097000 	C:\Program Files\MATLAB\R2011a\sys\java\jre\win64\jre\bin\java.dll
0x000000007a540000 - 0x000000007a54a000 	C:\Program Files\MATLAB\R2011a\sys\java\jre\win64\jre\bin\hpi.dll
0x000000007a370000 - 0x000000007a382000 	C:\Program Files\MATLAB\R2011a\sys\java\jre\win64\jre\bin\zip.dll
0x000007fee76c0000 - 0x000007fee76ff000 	C:\Program Files\ThinkPad\Bluetooth Software\btmmhook.dll
0x0000000075b90000 - 0x0000000075bfb000 	C:\Program Files\MATLAB\R2011a\sys\java\jre\win64\jre\bin\fontmanager.dll
0x0000000073150000 - 0x0000000073311000 	C:\Program Files\MATLAB\R2011a\sys\java\jre\win64\jre\bin\awt.dll
0x0000000079cf0000 - 0x0000000079d36000 	C:\Program Files\MATLAB\R2011a\bin\win64\nativejmi.dll
0x000000007a600000 - 0x000000007a608000 	C:\Program Files\MATLAB\R2011a\bin\win64\nativeservices.dll

VM Arguments:
jvm_args: -Xss512k -XX:PermSize=32m -Xms64m -XX:NewRatio=3 -XX:MaxPermSize=128m -Xmx196m -XX:MaxDirectMemorySize=2147400000 -Dsun.java2d.noddraw=true -Dsun.awt.nopixfmt=true -Xshare:off -Xrs -Dsun.awt.disableMixing=true -Djava.library.path=C:\Program Files\MATLAB\R2011a\bin\win64 vfprintf abort 
java_command: <unknown>
Launcher Type: generic

Environment Variables:
PATH=OSMOSM;C:\MentorGraphics\7.9.5EE\SDD_HOME\common\win32\bin;C:\MentorGraphics\7.9.5EE\SDD_HOME\common\win32\lib;C:\MentorGraphics\7.9.5EE\MGC_HOME.ixn\bin;C:\MentorGraphics\7.9.5EE\MGC_HOME.ixn\lib;C:\Program Files (x86)\Intel\iCLS Client\;C:\Program Files\Intel\iCLS Client\;C:\Program Files (x86)\Common Files\NetSarang;C:\PROGRAM FILES (X86)\NVIDIA CORPORATION\PHYSX\COMMON;C:\PYTHON27\LIB\SITE-PACKAGES\PYQT4;C:\WINDOWS\SYSTEM32;C:\WINDOWS;C:\WINDOWS\SYSTEM32\WBEM;C:\WINDOWS\SYSTEM32\WINDOWSPOWERSHELL\V1.0\;C:\PROGRAM FILES (X86)\LENOVO\ACCESS CONNECTIONS\;C:\PYTHON27;C:\PYTHON27\DLLS;C:\PYTHON27\SCRIPTS;C:\PYTHON27\LIB\SITE-PACKAGES\VTK;C:\PYTHON27\GNUPLOT\BINARY;C:\PROGRAM FILES (X86)\PYTHONXY\CONSOLE;C:\MINGW32-XY\BIN;C:\PROGRAM FILES\TORTOISESVN\BIN;C:\PROGRAM FILES\TORTOISEHG\;C:\PROGRAM FILES (X86)\MIKTEX 2.9\MIKTEX\BIN\;C:\Program Files\ThinkPad\Bluetooth Software\;C:\Program Files\ThinkPad\Bluetooth Software\syswow64;C:\Cadence\SPB_16.3\tools\PSpice;C:\Cadence\SPB_16.3\tools\PSpice\Library;C:\Cadence\SPB_16.3\tools\Capture;C:\Cadence\SPB_16.3\tools\bin;C:\Cadence\SPB_16.3\OpenAccess\bin\win32\opt;C:\Cadence\SPB_16.3\tools\fet\bin;C:\Cadence\SPB_16.3\tools\pcb\bin;C:\Program Files\Intel\WiFi\bin\;C:\Program Files\Common Files\Intel\WirelessCommon\;C:\Program Files\Intel\Intel(R) Management Engine Components\DAL;C:\Program Files\Intel\Intel(R) Management Engine Components\IPT;C:\Program Files (x86)\Intel\Intel(R) Management Engine Components\DAL;C:\Program Files (x86)\Intel\Intel(R) Management Engine Components\IPT;C:\Program Files\TortoiseGit\bin;C:\Program Files\MATLAB\R2011a\bin;
USERNAME=tinix84
OS=Windows_NT
PROCESSOR_IDENTIFIER=Intel64 Family 6 Model 58 Stepping 9, GenuineIntel



---------------  S Y S T E M  ---------------

OS: Windows 7 Build 7601 Service Pack 1

CPU:total 4 (8 cores per cpu, 2 threads per core) family 6 model 58 stepping 9, cmov, cx8, fxsr, mmx, sse, sse2, sse3, ssse3, sse4.1, sse4.2, ht

Memory: 4k page, physical 8078980k(5709964k free), swap 8603268k(5384044k free)

vm_info: Java HotSpot(TM) 64-Bit Server VM (14.3-b01) for windows-amd64 JRE (1.6.0_17-b04), built on Oct 11 2009 00:46:08 by "java_re" with MS VC++ 8.0

time: Wed Oct 23 23:46:54 2013
elapsed time: 1059 seconds

